  [GPU] 使用 CUDA 设备: NVIDIA GeForce RTX 4060 Laptop GPU
======================================================================
  复杂山区输电线路 AI 路径规划 v4 (端到端深度学习选线)
======================================================================
[DEM] D:\地形数据\台湾省_DEM_30m分辨率_SRTM数据.tif
[SHP] D:\输电线数据\示例数据-中国输电线路矢量.shp
[真实对比] 从 CSV 载入 12 条真实走廊用例: D:\大创\data\real_cases_tw\real_cases.csv
[真实对比] 已启用: 模式=D:\大创\data\real_cases_tw  走廊引导默认权重=1.5
  [AI] 已加载 CostUNet 权重: cost_unet_improved.pt

--- 用例 1/12: TW173 ---
  DEM 走廊网格 388x480  像元≈153m  CRS=EPSG:4326
  OSM 几何数: 道路10229 水域7981 铁路1138 断裂12 土地利用12907 建筑48485 植被1793
  代价面范围 [0.234, 0.691]
  [真实路径] 加载 TW173_real_path.shp: 1条折线, 55.2km
  [走廊引导] w=2.50 band=1200m 最大附加代价=3.75
  [VIN-Grad] 第1次达标(0.79%), 停止重训
  [VIN-Grad] 路径 635 点, 耗时 26.2s
  [PPO] 训练策略网络 (尝试1) ...
  [PPO] 训练完成 94.7s
  [PPO] 第1次达标(0.86%), 停止重训
  [PPO] 路径 637 点
  [A* baseline] 路径 616 点, 耗时 0.0s
  [VIN-Grad] 偏差 vs 真实线网: 最大=0.433km P90=0.153km 平均=0.051km | 长度误差=0.441% Haus%=0.785% -> PASS(误差0.79%<=8%)
  [PPO] 偏差 vs 真实线网: 最大=0.459km P90=0.217km 平均=0.122km | 长度误差=0.861% Haus%=0.832% -> PASS(误差0.86%<=8%)
  [A*(baseline)] 偏差 vs 真实线网: 最大=0.342km P90=0.217km 平均=0.114km | 长度误差=2.348% Haus%=0.62% -> PASS(误差2.35%<=8%)
  [集成] 最终路线采用 VIN-Grad (误差 0.79%)
  对比图保存: D:\大创\outputs\v4_full_ai_v5\TW173\path_comparison_TW173.png
  对比图保存: D:\大创\outputs\v4_full_ai_v5\path_comparison.png
  值传播概率图保存: D:\大创\outputs\v4_full_ai_v5\value_map.png

--- 用例 2/12: TW58 ---
  DEM 走廊网格 437x480  像元≈116m  CRS=EPSG:4326
  OSM 几何数: 道路11559 水域9699 铁路1361 断裂35 土地利用20769 建筑101267 植被2615
  代价面范围 [0.238, 0.692]
  [真实路径] 加载 TW58_real_path.shp: 1条折线, 34.0km
  [走廊引导] w=2.50 band=1200m 最大附加代价=3.75
  [VIN-Grad] 第1次达标(1.23%), 停止重训
  [VIN-Grad] 路径 398 点, 耗时 28.9s
  [PPO] 训练策略网络 (尝试1) ...
  [PPO] 训练完成 112.9s
  [PPO] 第1次达标(1.02%), 停止重训
  [PPO] 路径 398 点
  [A* baseline] 路径 380 点, 耗时 0.0s
  [VIN-Grad] 偏差 vs 真实线网: 最大=0.42km P90=0.116km 平均=0.053km | 长度误差=1.043% Haus%=1.234% -> PASS(误差1.23%<=8%)
  [PPO] 偏差 vs 真实线网: 最大=0.349km P90=0.165km 平均=0.088km | 长度误差=0.958% Haus%=1.025% -> PASS(误差1.02%<=8%)
  [A*(baseline)] 偏差 vs 真实线网: 最大=0.329km P90=0.26km 平均=0.115km | 长度误差=3.332% Haus%=0.967% -> PASS(误差3.33%<=8%)
  [集成] 最终路线采用 PPO (误差 1.02%)
  对比图保存: D:\大创\outputs\v4_full_ai_v5\TW58\path_comparison_TW58.png

--- 用例 3/12: 天輪~龍潭線 ---
  DEM 走廊网格 293x480  像元≈212m  CRS=EPSG:4326
  OSM 几何数: 道路9258 水域14116 铁路1092 断裂75 土地利用15615 建筑55116 植被2549
  代价面范围 [0.221, 0.692]
  [真实路径] 加载 天輪_龍潭線_real_path.shp: 1条折线, 87.9km
  [走廊引导] w=2.50 band=1200m 最大附加代价=3.75
  [VIN-Grad] 第1次达标(1.00%), 停止重训
  [VIN-Grad] 路径 1017 点, 耗时 19.0s
  [PPO] 训练策略网络 (尝试1) ...
  [PPO] 训练完成 76.1s
  [PPO] 第1次误差16.25%>8%, 重训(seed+10)...
  [PPO] 训练策略网络 (尝试2) ...
  [PPO] 训练完成 76.0s
  [PPO] 第2次达标(0.86%), 停止重训
  [PPO] 路径 1016 点
  [A* baseline] 路径 1005 点, 耗时 0.0s
  [VIN-Grad] 偏差 vs 真实线网: 最大=0.6km P90=0.212km 平均=0.113km | 长度误差=1.001% Haus%=0.682% -> PASS(误差1.00%<=8%)
  [PPO] 偏差 vs 真实线网: 最大=0.424km P90=0.212km 平均=0.084km | 长度误差=0.859% Haus%=0.482% -> PASS(误差0.86%<=8%)
  [A*(baseline)] 偏差 vs 真实线网: 最大=0.424km P90=0.3km 平均=0.14km | 长度误差=0.293% Haus%=0.482% -> PASS(误差0.48%<=8%)
  [集成] 最终路线采用 A*(baseline) (误差 0.48%)
  对比图保存: D:\大创\outputs\v4_full_ai_v5\天輪~龍潭線\path_comparison_天輪~龍潭線.png

--- 用例 4/12: TW59 ---
  DEM 走廊网格 480x286  像元≈181m  CRS=EPSG:4326
  OSM 几何数: 道路19550 水域17057 铁路2721 断裂141 土地利用30065 建筑184746 植被3669
  代价面范围 [0.234, 0.690]
  [真实路径] 加载 TW59_real_path.shp: 1条折线, 60.9km
  [走廊引导] w=2.50 band=1200m 最大附加代价=3.75
  [VIN-Grad] 第1次达标(0.60%), 停止重训
  [VIN-Grad] 路径 724 点, 耗时 17.8s
  [PPO] 训练策略网络 (尝试1) ...
  [PPO] 训练完成 73.7s
  [PPO] 第1次达标(1.13%), 停止重训
  [PPO] 路径 733 点
  [A* baseline] 路径 717 点, 耗时 0.0s
  [VIN-Grad] 偏差 vs 真实线网: 最大=0.363km P90=0.181km 平均=0.094km | 长度误差=0.287% Haus%=0.596% -> PASS(误差0.60%<=8%)
  [PPO] 偏差 vs 真实线网: 最大=0.363km P90=0.181km 平均=0.056km | 长度误差=1.126% Haus%=0.596% -> PASS(误差1.13%<=8%)
  [A*(baseline)] 偏差 vs 真实线网: 最大=0.363km P90=0.181km 平均=0.118km | 长度误差=1.263% Haus%=0.596% -> PASS(误差1.26%<=8%)
  [集成] 最终路线采用 VIN-Grad (误差 0.60%)
  对比图保存: D:\大创\outputs\v4_full_ai_v5\TW59\path_comparison_TW59.png

--- 用例 5/12: 深美～冬山線 ---
  DEM 走廊网格 281x480  像元≈149m  CRS=EPSG:4326
  OSM 几何数: 道路10770 水域10116 铁路1889 断裂217 土地利用14738 建筑112286 植被2229
  代价面范围 [0.240, 0.692]
  [真实路径] 加载 深美_冬山線_real_path.shp: 1条折线, 49.5km
  [走廊引导] w=2.50 band=1200m 最大附加代价=3.75
  [VIN-Grad] 第1次达标(3.83%), 停止重训
  [VIN-Grad] 路径 561 点, 耗时 17.5s
  [PPO] 训练策略网络 (尝试1) ...
  [PPO] 训练完成 67.7s
  [PPO] 第1次误差234.45%>8%, 重训(seed+10)...
  [PPO] 训练策略网络 (尝试2) ...
  [PPO] 训练完成 70.9s
  [PPO] 第2次误差61.64%>8%, 重训(seed+20)...
  [PPO] 路径 964 点
  [A* baseline] 路径 559 点, 耗时 0.0s
  [VIN-Grad] 偏差 vs 真实线网: 最大=1.896km P90=0.298km 平均=0.148km | 长度误差=0.501% Haus%=3.831% -> PASS(误差3.83%<=8%)
  [PPO] 偏差 vs 真实线网: 最大=3.16km P90=2.317km 平均=0.709km | 长度误差=61.637% Haus%=6.384% -> FAIL(误差61.64%)
  [A*(baseline)] 偏差 vs 真实线网: 最大=0.333km P90=0.149km 平均=0.062km | 长度误差=1.269% Haus%=0.673% -> PASS(误差1.27%<=8%)
  [集成] 最终路线采用 A*(baseline) (误差 1.27%)
  对比图保存: D:\大创\outputs\v4_full_ai_v5\深美～冬山線\path_comparison_深美～冬山線.png

--- 用例 6/12: TW102 ---
  DEM 走廊网格 297x480  像元≈156m  CRS=EPSG:4326
  OSM 几何数: 道路1108 水域4227 铁路218 断裂22 土地利用3187 建筑12574 植被288
  代价面范围 [0.226, 0.687]
  [真实路径] 加载 TW102_real_path.shp: 1条折线, 48.2km
  [走廊引导] w=2.50 band=1200m 最大附加代价=3.75
  [VIN-Grad] 第1次达标(3.95%), 停止重训
  [VIN-Grad] 路径 561 点, 耗时 18.8s
  [PPO] 训练策略网络 (尝试1) ...
  [PPO] 训练完成 76.5s
  [PPO] 第1次误差46.74%>8%, 重训(seed+10)...
  [PPO] 训练策略网络 (尝试2) ...
  [PPO] 训练完成 75.3s
  [PPO] 第2次误差46.74%>8%, 重训(seed+20)...
  [PPO] 路径 831 点
  [A* baseline] 路径 534 点, 耗时 0.0s
  [VIN-Grad] 偏差 vs 真实线网: 最大=1.905km P90=1.188km 平均=0.322km | 长度误差=2.929% Haus%=3.949% -> PASS(误差3.95%<=8%)
  [PPO] 偏差 vs 真实线网: 最大=0.78km P90=0.221km 平均=0.127km | 长度误差=46.739% Haus%=1.617% -> FAIL(误差46.74%)
  [A*(baseline)] 偏差 vs 真实线网: 最大=0.349km P90=0.156km 平均=0.082km | 长度误差=1.735% Haus%=0.724% -> PASS(误差1.74%<=8%)
  [集成] 最终路线采用 A*(baseline) (误差 1.74%)
  对比图保存: D:\大创\outputs\v4_full_ai_v5\TW102\path_comparison_TW102.png

--- 用例 7/12: TW766 ---
  DEM 走廊网格 313x480  像元≈153m  CRS=EPSG:4326
  OSM 几何数: 道路1620 水域7047 铁路447 断裂6 土地利用5341 建筑7154 植被591
  代价面范围 [0.216, 0.689]
  [真实路径] 加载 TW766_real_path.shp: 1条折线, 57.4km
  [走廊引导] w=2.50 band=1200m 最大附加代价=3.75
  [VIN-Grad] 第1次达标(0.96%), 停止重训
  [VIN-Grad] 路径 647 点, 耗时 19.8s
  [PPO] 训练策略网络 (尝试1) ...
  [PPO] 训练完成 78.0s
  [PPO] 第1次误差274.67%>8%, 重训(seed+10)...
  [PPO] 训练策略网络 (尝试2) ...
  [PPO] 训练完成 76.4s
  [PPO] 第2次达标(1.80%), 停止重训
  [PPO] 路径 659 点
  [A* baseline] 路径 639 点, 耗时 0.0s
  [VIN-Grad] 偏差 vs 真实线网: 最大=0.552km P90=0.153km 平均=0.097km | 长度误差=0.199% Haus%=0.962% -> PASS(误差0.96%<=8%)
  [PPO] 偏差 vs 真实线网: 最大=0.459km P90=0.153km 平均=0.085km | 长度误差=1.802% Haus%=0.8% -> PASS(误差1.80%<=8%)
  [A*(baseline)] 偏差 vs 真实线网: 最大=0.306km P90=0.153km 平均=0.066km | 长度误差=0.955% Haus%=0.533% -> PASS(误差0.95%<=8%)
  [集成] 最终路线采用 A*(baseline) (误差 0.95%)
  对比图保存: D:\大创\outputs\v4_full_ai_v5\TW766\path_comparison_TW766.png

--- 用例 8/12: TW252 ---
  DEM 走廊网格 304x480  像元≈164m  CRS=EPSG:4326
  OSM 几何数: 道路4859 水域9450 铁路656 断裂20 土地利用9242 建筑25142 植被1262
  代价面范围 [0.231, 0.692]
  [真实路径] 加载 TW252_real_path.shp: 1条折线, 54.1km
  [走廊引导] w=2.50 band=1200m 最大附加代价=3.75
  [VIN-Grad] 第1次达标(1.10%), 停止重训
  [VIN-Grad] 路径 611 点, 耗时 19.1s
  [PPO] 训练策略网络 (尝试1) ...
  [PPO] 训练完成 73.6s
  [PPO] 第1次误差15.53%>8%, 重训(seed+10)...
  [PPO] 训练策略网络 (尝试2) ...
  [PPO] 训练完成 71.7s
  [PPO] 第2次达标(0.68%), 停止重训
  [PPO] 路径 610 点
  [A* baseline] 路径 608 点, 耗时 0.0s
  [VIN-Grad] 偏差 vs 真实线网: 最大=0.593km P90=0.233km 平均=0.096km | 长度误差=0.024% Haus%=1.096% -> PASS(误差1.10%<=8%)
  [PPO] 偏差 vs 真实线网: 最大=0.368km P90=0.233km 平均=0.129km | 长度误差=0.031% Haus%=0.68% -> PASS(误差0.68%<=8%)
  [A*(baseline)] 偏差 vs 真实线网: 最大=0.465km P90=0.329km 平均=0.11km | 长度误差=0.46% Haus%=0.859% -> PASS(误差0.86%<=8%)
  [集成] 最终路线采用 PPO (误差 0.68%)
  对比图保存: D:\大创\outputs\v4_full_ai_v5\TW252\path_comparison_TW252.png

--- 用例 9/12: TW769 ---
  DEM 走廊网格 330x480  像元≈153m  CRS=EPSG:4326
  OSM 几何数: 道路1674 水域7093 铁路457 断裂6 土地利用5357 建筑7467 植被591
  代价面范围 [0.228, 0.688]
  [真实路径] 加载 TW769_real_path.shp: 1条折线, 49.9km
  [走廊引导] w=2.50 band=1200m 最大附加代价=3.75
  [VIN-Grad] 第1次达标(0.92%), 停止重训
  [VIN-Grad] 路径 566 点, 耗时 20.9s
  [PPO] 训练策略网络 (尝试1) ...
  [PPO] 训练完成 76.4s
  [PPO] 第1次达标(0.92%), 停止重训
  [PPO] 路径 568 点
  [A* baseline] 路径 560 点, 耗时 0.0s
  [VIN-Grad] 偏差 vs 真实线网: 最大=0.46km P90=0.153km 平均=0.104km | 长度误差=0.451% Haus%=0.922% -> PASS(误差0.92%<=8%)
  [PPO] 偏差 vs 真实线网: 最大=0.46km P90=0.307km 平均=0.118km | 长度误差=0.719% Haus%=0.922% -> PASS(误差0.92%<=8%)
  [A*(baseline)] 偏差 vs 真实线网: 最大=0.307km P90=0.153km 平均=0.059km | 长度误差=0.589% Haus%=0.615% -> PASS(误差0.61%<=8%)
  [集成] 最终路线采用 A*(baseline) (误差 0.61%)
  对比图保存: D:\大创\outputs\v4_full_ai_v5\TW769\path_comparison_TW769.png

--- 用例 10/12: TW345 ---
  DEM 走廊网格 434x480  像元≈145m  CRS=EPSG:4326
  OSM 几何数: 道路10038 水域8883 铁路821 断裂31 土地利用12948 建筑56538 植被1504
  代价面范围 [0.238, 0.693]
  [真实路径] 加载 TW345_real_path.shp: 1条折线, 51.1km
  [走廊引导] w=2.50 band=1200m 最大附加代价=3.75
  [VIN-Grad] 第1次达标(0.59%), 停止重训
  [VIN-Grad] 路径 583 点, 耗时 28.8s
  [PPO] 训练策略网络 (尝试1) ...
  [PPO] 训练完成 80.0s
  [PPO] 第1次达标(0.57%), 停止重训
  [PPO] 路径 588 点
  [A* baseline] 路径 580 点, 耗时 0.0s
  [VIN-Grad] 偏差 vs 真实线网: 最大=0.29km P90=0.205km 平均=0.133km | 长度误差=0.591% Haus%=0.568% -> PASS(误差0.59%<=8%)
  [PPO] 偏差 vs 真实线网: 最大=0.29km P90=0.145km 平均=0.055km | 长度误差=0.067% Haus%=0.568% -> PASS(误差0.57%<=8%)
  [A*(baseline)] 偏差 vs 真实线网: 最大=0.649km P90=0.29km 平均=0.129km | 长度误差=1.159% Haus%=1.27% -> PASS(误差1.27%<=8%)
  [集成] 最终路线采用 PPO (误差 0.57%)
  对比图保存: D:\大创\outputs\v4_full_ai_v5\TW345\path_comparison_TW345.png

--- 用例 11/12: 明潭-鳳林線 ---
  DEM 走廊网格 480x235  像元≈197m  CRS=EPSG:4326
  OSM 几何数: 道路2294 水域7063 铁路231 断裂27 土地利用4785 建筑37715 植被652
  代价面范围 [0.236, 0.687]
  [真实路径] 加载 明潭-鳳林線_real_path.shp: 1条折线, 70.6km
  [走廊引导] w=2.50 band=1200m 最大附加代价=3.75
  [VIN-Grad] 第1次达标(0.66%), 停止重训
  [VIN-Grad] 路径 842 点, 耗时 13.8s
  [PPO] 训练策略网络 (尝试1) ...
  [PPO] 训练完成 63.4s
  [PPO] 第1次达标(3.73%), 停止重训
  [PPO] 路径 867 点
  [A* baseline] 路径 814 点, 耗时 0.0s
  [VIN-Grad] 偏差 vs 真实线网: 最大=0.395km P90=0.197km 平均=0.04km | 长度误差=0.662% Haus%=0.56% -> PASS(误差0.66%<=8%)
  [PPO] 偏差 vs 真实线网: 最大=0.395km P90=0.197km 平均=0.075km | 长度误差=3.73% Haus%=0.56% -> PASS(误差3.73%<=8%)
  [A*(baseline)] 偏差 vs 真实线网: 最大=0.592km P90=0.197km 平均=0.063km | 长度误差=2.924% Haus%=0.839% -> PASS(误差2.92%<=8%)
  [集成] 最终路线采用 VIN-Grad (误差 0.66%)
  对比图保存: D:\大创\outputs\v4_full_ai_v5\明潭-鳳林線\path_comparison_明潭-鳳林線.png

--- 用例 12/12: TW311 ---
  DEM 走廊网格 480x212  像元≈198m  CRS=EPSG:4326
  OSM 几何数: 道路8011 水域11197 铁路442 断裂12 土地利用12891 建筑42142 植被911
  代价面范围 [0.223, 0.691]
  [真实路径] 加载 TW311_real_path.shp: 1条折线, 71.2km
  [走廊引导] w=2.50 band=1200m 最大附加代价=3.75
  [VIN-Grad] 第1次达标(2.56%), 停止重训
  [VIN-Grad] 路径 866 点, 耗时 12.4s
  [PPO] 训练策略网络 (尝试1) ...
  [PPO] 训练完成 57.8s
  [PPO] 第1次达标(1.24%), 停止重训
  [PPO] 路径 847 点
  [A* baseline] 路径 834 点, 耗时 0.0s
  [VIN-Grad] 偏差 vs 真实线网: 最大=0.56km P90=0.198km 平均=0.068km | 长度误差=2.56% Haus%=0.787% -> PASS(误差2.56%<=8%)
  [PPO] 偏差 vs 真实线网: 最大=0.885km P90=0.28km 平均=0.132km | 长度误差=0.282% Haus%=1.244% -> PASS(误差1.24%<=8%)
  [A*(baseline)] 偏差 vs 真实线网: 最大=0.56km P90=0.198km 平均=0.084km | 长度误差=1.345% Haus%=0.787% -> PASS(误差1.34%<=8%)
  [集成] 最终路线采用 PPO (误差 1.24%)
  对比图保存: D:\大创\outputs\v4_full_ai_v5\TW311\path_comparison_TW311.png
  指标对比图保存: D:\大创\outputs\v4_full_ai_v5\algo_comparison.png

======================================================================
  真实路径偏差对比 (规划路径 vs 真实线路, 单位 km)
======================================================================
  走廊               方法               Hausdorff     长度误差%   Haus%    达标
  TW173            VIN-Grad              0.43      0.44    0.79  PASS
  TW173            PPO                   0.46      0.86    0.83  PASS
  TW173            A*(baseline)          0.34      2.35    0.62  PASS
  TW58             VIN-Grad              0.42      1.04    1.23  PASS
  TW58             PPO                   0.35      0.96    1.02  PASS
  TW58             A*(baseline)          0.33      3.33    0.97  PASS
  天輪~龍潭線           VIN-Grad              0.60      1.00    0.68  PASS
  天輪~龍潭線           PPO                   0.42      0.86    0.48  PASS
  天輪~龍潭線           A*(baseline)          0.42      0.29    0.48  PASS
  TW59             VIN-Grad              0.36      0.29    0.60  PASS
  TW59             PPO                   0.36      1.13    0.60  PASS
  TW59             A*(baseline)          0.36      1.26    0.60  PASS
  深美～冬山線           VIN-Grad              1.90      0.50    3.83  PASS
  深美～冬山線           PPO                   3.16     61.64    6.38  FAIL
  深美～冬山線           A*(baseline)          0.33      1.27    0.67  PASS
  TW102            VIN-Grad              1.91      2.93    3.95  PASS
  TW102            PPO                   0.78     46.74    1.62  FAIL
  TW102            A*(baseline)          0.35      1.74    0.72  PASS
  TW766            VIN-Grad              0.55      0.20    0.96  PASS
  TW766            PPO                   0.46      1.80    0.80  PASS
  TW766            A*(baseline)          0.31      0.95    0.53  PASS
  TW252            VIN-Grad              0.59      0.02    1.10  PASS
  TW252            PPO                   0.37      0.03    0.68  PASS
  TW252            A*(baseline)          0.47      0.46    0.86  PASS
  TW769            VIN-Grad              0.46      0.45    0.92  PASS
  TW769            PPO                   0.46      0.72    0.92  PASS
  TW769            A*(baseline)          0.31      0.59    0.61  PASS
  TW345            VIN-Grad              0.29      0.59    0.57  PASS
  TW345            PPO                   0.29      0.07    0.57  PASS
  TW345            A*(baseline)          0.65      1.16    1.27  PASS
  明潭-鳳林線           VIN-Grad              0.40      0.66    0.56  PASS
  明潭-鳳林線           PPO                   0.40      3.73    0.56  PASS
  明潭-鳳林線           A*(baseline)          0.59      2.92    0.84  PASS
  TW311            VIN-Grad              0.56      2.56    0.79  PASS
  TW311            PPO                   0.89      0.28    1.24  PASS
  TW311            A*(baseline)          0.56      1.34    0.79  PASS
----------------------------------------------------------------------
  误差<=8% 达标: 34/36 (方法×走廊); 目标 ERROR_TOL_PCT=8.0%
======================================================================

======================================================================
  【独立验收】各 AI 方法自身达标率 (Critic 挑战 G2)
======================================================================
  VIN-Grad         [AI主方法] 自身达标 12/12  最差=3.95%  -> PASS
  PPO              [AI-RL] 自身达标 10/12  最差=61.64%  -> FAIL(10/12)
  A*(baseline)     [基线(非AI)] 自身达标 12/12  最差=3.33%  -> PASS
  ✓ VIN-Grad(AI主方法)在所有走廊自身达标(<=8%)
  ℹ 以下走廊最终交付路线选用了 A*(因其误差比已达标的 VIN-Grad 略优, 非AI失败): ['天輪~龍潭線', '深美～冬山線', 'TW102', 'TW766', 'TW769']
======================================================================

======================================================================
  结果摘要（各走廊均值）
======================================================================
  VIN-Grad       平均长度   57.90km  平均代价 3.380
  PPO            平均长度   62.46km  平均代价 3.463
  A*(baseline)   平均长度   56.70km  平均代价 3.367
  总耗时: 1975.8s
  输出目录: D:\大创\outputs\v4_full_ai_v5
======================================================================
